Wo, Wo, Wo, Wo, Wo, Wo, Wo, Wo, Wo, Wo, Wo, Wo, Wo, Wo, Wo, Wo, Wo, Wo, Wo, Wo, Wo, Wo, Wo, Wo, Wo, Wo, Wo, Wo, Wo, Wo, Wo, Wo, Wo, Wo, Wo, Wo, Wo, Wo, Wo, Wo, Wo, Wo, Wo, Wo, Wo, Wo, Wo, Wo, Wo, Wo, Wo, Gg, Mm, Mm, Mm, Mm, Ms, Ms, Ms^Xm, Ms^Xm, Ms^Xm, Ms, Ms, Ms, Mm, Mm, Rr^Vhc, Rr^Vhc, Rr^Vhc, Rr^Vhc, Hh, Hh, Hh, Wot, Hh, Hh, Hh, Hh, Hh, Wo, Wo, Wo, Wo, Gg, Hh, Hh, Hh, Hh, Hh, Hh, Hh, Wot, Wot, Wot, Wot, Hh, Hh, Hh, Hh, Hh, Hh, Gg, Rr^Vhc, Rr^Vhc, Rr^Vhc, Rr^Vhc, Rr^Vhc, Gg, Gg, Wo, Wo, Wo, Wo
Wo, Wo, Wo, Wo, Wo, Wo, Wo, Wo, Wo, Wo, Wo, Wo, Wo, Wo, Wo, Wo, Wo, Wo, Wo, Wo, Wo, Wo, Wo, Wo, Wo, Wo, Wo, Wo, Wo, Wo, Wo, Wo, Wo, Wo, Wo, Wo, Wo, Wo, Wo, Wo, Wo, Wo, Wo, Wo, Wo, Wo, Wo, Wo, Wo, Wo, Wo, Hh, Mm, Mm, Mm, Mm, Ms, Ms, Ms, Ms^Xm, Ms, Ms, Mm, Mm, Mm, Hh, Rr^Vhc, Rr^Vhc, Rr^Vhc, Rr^Vhc, Gg, Rrc, Wot, Wot, Gg, Gg, Gg, Gg, Gg, Wo, Wo, Wo, Wot, Hh, Hh, Hh, Hh, Hh, Hh, Hh, Hh, Hh, Gg, Wot, Gg, Gg, Gg, Hh, Gg, Gg, Rrc, Rrc, Rrc, Rr^Vhc, Rr^Vhc, Rr^Vhc, Gg, Gg, Wo, Wo, Wo, Wo, Wo
Wo, Wo, Wo, Wo, Wo, Wo, Wo, Wo, Wo, Wo, Wo, Wo, Wo, Wo, Wo, Wo, Wo, Wo, Wo, Wo, Wo, Wo, Wo, Wo, Wo, Wo, Wo, Wo, Wo, Wo, Wo, Wo, Wo, Wo, Wo, Wo, Wo, Wo, Wo, Wo, Wo, Wo, Wo, Wo, Wo, Wo, Wo, Wo, Wo, Wo, Wo, Hh, Hh, Mm, Mm, Mm, Mm, Ms, Ms, Ms, Mm, Mm, Mm, Mm, Hh, Hh, Rr^Vhc, Wo, Wo, Gg, Gg, Rrc, Wot^Bsb\, Gg, Gg, Gg, Gg, Gg, Wot, Wo, Gg, Gg, Gg, Wot, Gg, Gg, Gg, Gg, Gg, Gg, Gg, Gg, Gs^Fms, Gs^Fms, Gs^Fms, Gg, Gg, Gg, Rrc, Rrc, Gg, Rrc, Gg, Gg, Wo, Wo, Wo, Wo, Wo, Wo, Wo, Wo, Wo
Wo, Wo, Wo, Wo, Wo, Wo, Wo, Wo, Wo, Wo, Wo, Wo, Wo, Wo, Wo, Wo, Wo, Wo, Wo, Wo, Wo, Wo, Wo, Wo, Wo, Wo, Wo, Wo, Wo, Wo, Wo, Wo, Wo, Wo, Wo, Wo, Wo, Wo, Wo, Wo, Wo, Wo, Wo, Wo, Wo, Wo, Wo, Wo, Wo, Wo, Wo, Hh, Hh, Mm, Mm, Mm, Mm, Mm, Mm, Mm, Mm, Mm, Mm, Hh, Hh, Gg, Wo, Wo, Wo, Wo, Wo, Wot, Gg, Rrc, Rrc, Gg, Gg, Gg, Wot, Wot, Gg, Gg, Gg, Wot, Wot, Gg, Gg, Gg, Gg, Gg, Wo, Gg, Gs^Fms, Gs^Fms, Gs^Fms, Gg, Rrc, Rrc, Gg, Gg, Gg, Gg, Wo, Wo, Wo, Wo, Wo, Wo, Wo, Wo, Wo, Wo, Wo
Wo, Wo, Wo, Wo, Wo, Wo, Wo, Wo, Wo, Wo, Wo, Wo, Wo, Wo, Wo, Wo, Wo, Wo, Wo, Wo, Wo, Wo, Wo, Wo, Wo, Wo, Wo, Wo, Wo, Wo, Wo, Wo, Wo, Wo, Wo, Wo, Wo, Wo, Wo, Wo, Wo, Wo, Wo, Wo, Wo, Wo, Wo, Wo, Wo, Wo, Wo, Gg, Gg, Hh, Hh, Mm, Mm, Mm, Mm, Mm, Mm, Mm, Hh, Hh, Gg, Wo, Wo, Wo, Wo, Wo, Wo, Gg, Gg, Gg, Rrc, Gg, Gg, Wot, Gg, Gg, Gs^Fms, Gs^Fms, Gs^Fms, Gg, Gg, Wot, Wot, Gg, Wo, Wo, Wo, Gg, Gg, Gs^Fms, Gg, Rrc, Gg, Gg, Gg, Gg, Wo, Wo, Wo, Wo, Wo, Wo, Wo, Wo, Wo, Wo, Wo, Wo, Wo
Wo, Wo, Wo, Wo, Wo, Wo, Wo, Wo, Wo, Wo, Wo, Wo, Wo, Wo, Wo, Wo, Wo, Wo, Wo, Wo, Wo, Wo, Wo, Wo, Wo, Wo, Wo, Wo, Wo, Wo, Wo, Wo, Wo, Wo, Wo, Wo, Wo, Wo, Wo, Wo, Wo, Wo, Wo, Wo, Wo, Wo, Wo, Wo, Wo, Wo, Wo, Wo, Wo, Gg, Hh, Mm, Hh, Mm, Mm, Mm, Hh, Hh, Gg, Gg, Wo, Wo, Wo, Wo, Wo, Wo, Wo, Gg, Gg, Gg, Gg, Rrc, Wot, Wot, Gg, Gs^Fms, Gs^Fms, Gs^Fms, Gs^Fms, Gs^Fms, Gg, Gg, Wo, Wo, Wo, Wo, Gg, Gg, Gg, Gg, Rr^Vhc, Rrc, Gg, Gg, Gg, Wo, Wo, Wo, Wo, Wo, Wo, Wo, Wo, Wo, Wo, Wo, Wo, Wo, Wo
Wo, Wo, Wo, Wo, Wo, Wo, Wo, Wo, Wo, Wo, Wo, Wo, Wo, Wo, Wo, Wo, Wo, Wo, Wo, Wo, Wo, Wo, Wo, Wo, Wo, Wo, Wo, Wo, Wo, Wo, Wo, Wo, Wo, Wo, Wo, Wo, Wo, Wo, Wo, Wo, Wo, Wo, Wo, Wo, Wo, Wo, Wo, Wo, Wo, Wo, Wo, Wo, Wo, Gg, Gg, Hh, Gg, Hh, Hh, Hh, Gg, Gg, Wo, Wo, Wo, Wo, Wo, Wo, Wo, Wo, Wo, Wo, Gg, Gg, Gg, Rr^Vhc, Wot, Gg, Gg, Gs^Fms, Gs^Fms, Gs^Fms, Gs^Fms, Gs^Fms, Gg, Gg, Wo, Wo, Rb^Gvs, Wot, Wot, Gg, Rrc, Rr^Vhc, Rr^Vhc, Gg, Gg, Gg, Wo, Wo, Wo, Wo, Wo, Wo, Wo, Wo, Wo, Wo, Wo, Wo, Wo, Wo, Wo
Wo, Wo, Wo, Wo, Wo, Wo, Wo, Wo, Wo, Wo, Wo, Wo, Wo, Wo, Wo, Wo, Wo, Wo, Wo, Wo, Wo, Wo, Wo, Wo, Wo, Wo, Wo, Wo, Wo, Wo, Wo, Wo, Wo, Wo, Wo, Wo, Wo, Wo, Wo, Wo, Wo, Wo, Wo, Wo, Wo, Wo, Wo, Wo, Wo, Wo, Wo, Wo, Wo, Wo, Wo, Gg, Wo, Gg, Gg, Gg, Wo, Wo, Wo, Wo, Wo, Wo, Wo, Wo, Wo, Wo, Wo, Wo, Gg, Gg, Rr^Vhc, Wot^Bsb\, Rr^Vhc, Gg, Gg, Gg, Gs^Fms, Gs^Fms, Gg, Gg, Wo, Wo, Wo, Wo, Rb^Gvs, Rb^Gvs, Rrc, Wot^Bsb/, Wot, Gg, Wot^Bsb|, Gg, Wot, Gg, Wo, Wo, Wo, Wo, Wo, Wo, Wo, Wo, Wo, Wo, Wo, Wo, Wo, Wo, Wo
Wo, Wo, Wo, Wo, Wo, Wo, Wo, Wo, Wo, Wo, Wo, Wo, Wo, Wo, Wo, Wo, Wo, Wo, Wo, Wo, Wo, Wo, Wo, Wo, Wo, Wo, Wo, Wo, Wo, Wo, Wo, Wo, Wo, Wo, Wo, Wo, Wo, Wo, Wo, Wo, Wo, Wo, Wo, Wo, Wo, Wo, Wo, Wo, Wo, Wo, Wo, Wo, Wo, Wo, Wo, Wo, Wo, Wo, Wo, Wo, Wo, Wo, Wo, Wo, Wo, Wo, Wo, Wo, Wo, Wo, Wo, Wo, Wo, Gg, Wot, Wot, Rr^Vhc, Rr^Vhc, Gg, Gg, Gg, Gg, Gg, Gg, Gg, Wo, Rb^Gvs, Rb^Gvs, Rrc, Rrc, Gg, Gg, Gg, Wot, Rrc, Wot, Gs^Fms, Wo, Wo, Wo, Wo, Wo, Wo, Wo, Wo, Wo, Wo, Wo, Wo, Wo, Wo, Wo, Wo
Wo, Wo, Wo, Wo, Wo, Wo, Wo, Wo, Wo, Wo, Wo, Wo, Wo, Wo, Wo, Wo, Wo, Wo, Wo, Wo, Wo, Wo, Wo, Wo, Wo, Wo, Wo, Wo, Wo, Wo, Wo, Wo, Wo, Wo, Wo, Wo, Wo, Wo, Wo, Wo, Wo, Wo, Wo, Wo, Wo, Wo, Wo, Wo, Wo, Wo, Wo, Wo, Wo, Wo, Wo, Wo, Wo, Wo, Wo, Wo, Wo, Wo, Wo, Wo, Wo, Wo, Wo, Wo, Wo, Wo, Wo, Wo, Wo, Wot, Gg, Rr^Vhc, Rr^Vhc, Gg, Ch, Ch, Ch, Gg, Gg, Gg, Gg, Gg, Gg, Rr^Vhc, Rr^Vhc, Gg, Gg, Gg, Gs^Fms, Gg, Rrc, Gg, Gs^Fms, Wo, Wo, Wo, Wo, Wo, Wo, Wo, Wo, Wo, Wo, Wo, Wo, Wo, Wo, Wo, Wo
Wo, Wo, Wo, Wo, Wo, Wo, Wo, Wo, Wo, Wo, Wo, Wo, Wo, Wo, Wo, Wo, Wo, Wo, Wo, Wo, Wo, Wo, Wo, Wo, Wo, Wo, Wo, Wo, Wo, Wo, Wo, Wo, Wo, Wo, Wo, Wo, Wo, Wo, Wo, Wo, Wo, Wo, Wo, Wo, Wo, Wo, Wo, Wo, Wo, Wo, Wo, Wo, Wo, Wo, Wo, Wo, Wo, Wo, Wo, Wo, Wo, Wo, Wo, Wo, Wo, Wo, Wo, Wo, Wo, Wo, Wo, Wo, Wo, Wo, Gg, Gg, Rrc, Gg, Ch, 7 Kh, Ch, Gg, Rb^Gvs, Rb^Gvs, Wot, Gg, Gg, Rr^Vhc, Rr^Vhc, Gg, Gg, Gs^Fms, Gs^Fms, Gs^Fms, Rrc, Gs^Fms, Gs^Fms, Wo, Wo, Wo, Wo, Wo, Wo, Wo, Wo, Wo, Wo, Wo, Wo, Wo, Wo, Wo, Wo
Wo, Wo, Wo, Wo, Wo, Wo, Wo, Wo, Wo, Wo, Wo, Wo, Wo, Wo, Wo, Wo, Wo, Wo, Wo, Wo, Wo, Wo, Wo, Wo, Wo, Wo, Wo, Wo, Wo, Wo, Wo, Wo, Wo, Wo, Wo, Wo, Wo, Wo, Wo, Wo, Wo, Wo, Wo, Wo, Wo, Wo, Wo, Wo, Wo, Wo, Wo, Wo, Wo, Wo, Wo, Wo, Wo, Wo, Wo, Wo, Wo, Wo, Wo, Wo, Wo, Wo, Wo, Wo, Wo, Wo, Wo, Wo, Wo, Wo, Wo, Gg, Gg, Rrc, Rrc, Ch, Rb^Gvs, Rb^Gvs, Rb^Gvs, Rb^Gvs, Wot, Gs^Fms, Gs^Fms, Rrc, Gg, Gg, Gs^Fms, Gs^Fms, Gs^Fms, Gs^Fms, Rrc, Gs^Fms, Gs^Fms, Wo, Wo, Wo, Wo, Wo, Wo, Wo, Wo, Wo, Wo, Wo, Wo, Wo, Wo, Wo, Wo
Wo, Wo, Wo, Wo, Wo, Wo, Wo, Wo, Wo, Wo, Wo, Wo, Wo, Wo, Wo, Wo, Wo, Wo, Wo, Wo, Wo, Wo, Wo, Wo, Wo, Wo, Wo, Wo, Wo, Wo, Wo, Wo, Wo, Wo, Wo, Wo, Wo, Wo, Wo, Wo, Wo, Wo, Wo, Wo, Wo, Wo, Wo, Wo, Wo, Wo, Wo, Wo, Wo, Wo, Wo, Wo, Wo, Wo, Wo, Wo, Wo, Wo, Wo, Wo, Wo, Wo, Wo, Wo, Wo, Wo, Wo, Wo, Wo, Wo, Wo, Gg, Gg, Gg, Rrc, Rb^Gvs, Rb^Gvs, Rb^Gvs, Wot, Wot, Gs^Fms, Gs^Fms, Gs^Fms, Rrc, Gg, Wot, Gs^Fms, Gs^Fms, Gs^Fms, Gs^Fms, Rrc, Gs^Fms, Gg, Wo, Wo, Wo, Wo, Wo, Wo, Wo, Wo, Wo, Wo, Wo, Wo, Wo, Wo, Wo, Wo
Wo, Wo, Wo, Wo, Wo, Wo, Wo, Wo, Wo, Wo, Wo, Wo, Wo, Wo, Wo, Wo, Wo, Wo, Wo, Wo, Wo, Wo, Wo, Wo, Wo, Wo, Wo, Wo, Wo, Wo, Wo, Wo, Wo, Wo, Wo, Wo, Wo, Wo, Wo, Wo, Wo, Wo, Wo, Wo, Wo, Wo, Wo, Wo, Wo, Wo, Wo, Wo, Wo, Wo, Wo, Wo, Wo, Wo, Wo, Wo, Wo, Wo, Gg, Gg, Gg, Wo, Wo, Wo, Wo, Wo, Wo, Wo, Wo, Wo, Wo, Wo, Gs^Fms, Gs^Fms, Rrc, Rb^Gvs, Rb^Gvs, Rb^Gvs, Wot, Wot, Gs^Fms, Gs^Fms, Gs^Fms, Rrc, Gg, Wot, Gg, Gs^Fms, Gs^Fms, Gs^Fms, Rrc, Gs^Fms, Gg, Wo, Wo, Wo, Wo, Wo, Wo, Wo, Wo, Wo, Wo, Wo, Wo, Wo, Wo, Wo, Wo
Wo, Wo, Wo, Wo, Wo, Wo, Wo, Wo, Wo, Wo, Wo, Wo, Wo, Wo, Wo, Wo, Wo, Wo, Wo, Wo, Wo, Wo, Wo, Wo, Wo, Wo, Wo, Wo, Wo, Wo, Wo, Wo, Wo, Wo, Wo, Wo, Wo, Wo, Wo, Wo, Wo, Wo, Wo, Wo, Wo, Wo, Wo, Wo, Wo, Wo, Wo, Wo, Wo, Wo, Wo, Wo, Wo, Wo, Wo, Wo, Gg, Gg, Gg, Gg, Wo, Wo, Wo, Wo, Wo, Wo, Wo, Wo, Wo, Wo, Wo, Wo, Wo, Gs^Fms, Rrc, Rb^Gvs, Rb^Gvs, Rb^Gvs, Wot, Gg, Gg, Gs^Fms, Rrc, Rrc, Gg, Wot, Gg, Gs^Fms, Gg, Gg, Rrc, Gg, Wo, Wo, Wo, Wo, Wo, Wo, Wo, Wo, Wo, Wo, Wo, Wo, Wo, Wo, Wo, Wo, Wo
Wo, Wo, Wo, Wo, Wo, Wo, Wo, Wo, Wo, Wo, Wo, Wo, Wo, Wo, Wo, Wo, Wo, Wo, Wo, Wo, Wo, Wo, Wo, Wo, Wo, Wo, Wo, Wo, Wo, Wo, Wo, Wo, Wo, Wo, Wo, Wo, Wo, Wo, Wo, Wo, Wo, Wo, Wo, Wo, Wo, Wo, Wo, Wo, Wo, Wo, Wo, Wo, Wo, Wo, Wo, Wo, Wo, Wo, Wo, Gg, Wot, Wot, Wot, Wo, Wo, Wo, Wo, Wo, Wo, Wo, Wo, Wo, Wo, Wo, Wo, Wo, Wo, Wo, Wot^Bsb|, Wot, Wot, Rb^Gvs, Wot, Gg, Rrc, Rrc, Gg, Gg, Wot, Wot, Wot, Gg, Gg, Gg, Rrc, Gg, Wo, Wo, Wo, Wo, Wo, Wo, Wo, Wo, Wo, Wo, Wo, Wo, Wo, Wo, Wo, Wo, Wo
Wo, Wo, Wo, Wo, Wo, Wo, Wo, Wo, Wo, Wo, Wo, Wo, Wo, Wo, Wo, Wo, Wo, Wo, Wo, Wo, Wo, Wo, Wo, Wo, Wo, Wo, Wo, Wo, Wo, Wo, Wo, Wo, Wo, Wo, Wo, Wo, Wo, Wo, Wo, Wo, Wo, Wo, Wo, Wo, Wo, Wo, Wo, Wo, Wo, Wo, Wo, Wo, Wo, Wo, Wo, Wo, Wo, Wo, Gg, Gg, Wot, Wot, Gg, Wo, Wo, Wo, Wo, Wo, Wo, Wo, Wo, Wo, Wo, Wo, Wo, Wo, Gs^Fms, Wo, Rrc, Gg, Gg, Wot, Gg, Gg, Rrc, Rrc, Gg, Gg, Gg, Wot, Gg, Gg, Rrc, Rrc, Gg, Gg, Wo, Wo, Wo, Wo, Wo, Wo, Wo, Wo, Wo, Wo, Wo, Wo, Wo, Wo, Wo, Wo, Wo
Wo, Wo, Wo, Wo, Wo, Wo, Wo, Wo, Wo, Wo, Wo, Wo, Wo, Wo, Wo, Wo, Wo, Wo, Wo, Wo, Wo, Wo, Wo, Wo, Wo, Wo, Wo, Wo, Wo, Wo, Wo, Wo, Wo, Wo, Wo, Wo, Wo, Wo, Wo, Wo, Wo, Wo, Wo, Wo, Wo, Wo, Wo, Wo, Wo, Wo, Wo, Wo, Wo, Wo, Wo, Wo, Wo, Wo, Wot, Wot, Gg, Gg, Gg, Wo, Wo, Wo, Wo, Wo, Wo, Wo, Wo, Wo, Wo, Wo, Wo, Wo, Gs^Fms, Gs^Fms, Rrc, Gg, Gs^Fms, Gg, Rrc, Rrc, Gg, Gg, Gg, Gg, Gg, Wot, Gg, Gg, Rrc, Rrc, Gg, Wo, Wo, Wo, Wo, Wo, Wo, Wo, Wo, Wo, Wo, Wo, Wo, Wo, Wo, Wo, Wo, Wo, Wo
Wo, Wo, Wo, Wo, Wo, Wo, Wo, Wo, Wo, Wo, Wo, Wo, Wo, Wo, Wo, Wo, Wo, Wo, Wo, Wo, Wo, Wo, Wo, Wo, Wo, Wo, Wo, Wo, Wo, Wo, Wo, Wo, Wo, Wo, Wo, Wo, Wo, Wo, Wo, Wo, Wo, Wo, Wo, Wo, Wo, Wo, Wo, Wo, Wo, Wo, Wo, Wo, Wo, Wo, Wo, Wo, Wo, Wo, Gg, Gg, Gg, Gg, Gg, Rr^Vhc, Rr^Vhc, Gg, Gg, Wo, Wo, Wo, Wo, Wo, Wo, Wo, Wo, Wo, Wo, Gs^Fms, Rrc, Gs^Fms, Rrc, Rrc, Rrc, Rrc, Rrc, Rrc, Rrc, Rrc, Rrc, Wot^Bsb/, Rrc, Rrc, Gg, Gg, Gg, Wo, Wo, Wo, Wo, Wo, Wo, Wo, Wo, Wo, Wo, Wo, Wo, Wo, Wo, Wo, Wo, Wo, Wo
Wo, Wo, Wo, Wo, Wo, Wo, Wo, Wo, Wo, Wo, Wo, Wo, Wo, Wo, Wo, Wo, Wo, Wo, Wo, Wo, Wo, Wo, Wo, Wo, Wo, Wo, Wo, Wo, Wo, Wo, Wo, Wo, Wo, Wo, Wo, Wo, Wo, Wo, Wo, Wo, Wo, Wo, Wo, Wo, Wo, Wo, Wo, Wo, Wo, Wo, Wo, Wo, Wo, Wo, Wo, Wo, Wo, Wo, Gg, Gg, Rb^Gvs, Gg, Gg, Rr^Vhc, Rr^Vhc, Gg, Wo, Wo, Wo, Wo, Wo, Wo, Wo, Wo, Wo, Wo, Wo, Wo, Gs^Fms, Rrc, Gs^Fms, Rrc, Gs^Fms, Gs^Fms, Gs^Fms, Gs^Fms, Gg, Gg, Gg, Wot, Gg, Gg, Gg, Gg, Wo, Wo, Wo, Wo, Wo, Wo, Wo, Wo, Wo, Wo, Wo, Wo, Wo, Wo, Wo, Wo, Wo, Wo, Wo
Wo, Wo, Wo, Wo, Wo, Wo, Wo, Wo, Wo, Wo, Wo, Wo, Wo, Wo, Wo, Wo, Wo, Wo, Wo, Wo, Wo, Wo, Wo, Wo, Wo, Wo, Wo, Wo, Wo, Wo, Wo, Wo, Wo, Wo, Wo, Wo, Wo, Wo, Wo, Wo, Wo, Wo, Wo, Wo, Wo, Wo, Wo, Wo, Wo, Wo, Wo, Wo, Wo, Wo, Wo, Wo, Wo, Gg, Rb^Gvs, Rb^Gvs, Rb^Gvs, Rb^Gvs, Rrc, Rrc, Gg, Gg, Wo, Wo, Wo, Wo, Wo, Wo, Wo, Wo, Wo, Wo, Rr^Vhc, Wo, Wo^Bsb/, Rrc, Rr^Vhc, Rr^Vhc, Rr^Vhc, Gs^Fms, Gs^Fms, Wo, Wo, Wo, Wo, Wot, Wo, Wo, Wo, Wo, Wo, Wo, Wo, Wo, Wo, Wo, Wo, Wo, Wo, Wo, Wo, Wo, Wo, Wo, Wo, Wo, Wo, Wo, Wo
Wo, Wo, Wo, Wo, Wo, Wo, Wo, Wo, Wo, Wo, Wo, Wo, Wo, Wo, Wo, Wo, Wo, Wo, Wo, Wo, Wo, Wo, Wo, Wo, Wo, Wo, Wo, Wo, Wo, Wo, Wo, Wo, Wo, Wo, Wo, Wo, Wo, Wo, Wo, Wo, Wo, Wo, Wo, Wo, Wo, Wo, Wo, Wo, Wo, Wo, Wo, Wo, Wo, Wo, Wo, Wo, Wo, Rb^Gvs, Rb^Gvs, Rb^Gvs, Rb^Gvs, Rb^Gvs, Rrc, Gg, Gg, Gg, Wo, Gg, Wo, Gg, Wo, Wo, Wo, Wo, Gg, Rr^Vhc, Rr^Vhc, Rr^Vhc, Wo, Wo, Rr^Vhc, Rr^Vhc, Rr^Vhc, Gs^Fms, Gs^Fms, Wo, Wo, Wo, Wo, Wo, Wo, Wo, Wo, Wo, Wo, Wo, Wo, Wo, Wo, Wo, Wo, Wo, Wo, Wo, Wo, Wo, Wo, Wo, Wo, Wo, Wo, Wo, Wo
Wo, Wo, Wo, Wo, Wo, Wo, Wo, Wo, Wo, Wo, Wo, Wo, Wo, Wo, Wo, Wo, Wo, Wo, Wo, Wo, Wo, Wo, Wo, Wo, Wo, Wo, Wo, Wo, Wo, Wo, Wo, Wo, Wo, Wo, Wo, Wo, Wo, Wo, Wo, Wo, Wo, Wo, Wo, Wo, Wo, Wo, Wo, Wo, Wo, Wo, Wo, Wo, Wo, Wo, Wo, Wo, Wo, Rb^Gvs, Rb^Gvs, Rb^Gvs, Rb^Gvs, Rb^Gvs, Rr^Vhc, Gg, Gg, Wo, Wo, Wo, Gg, Wo, Gg, Wo, Wo, Gg, Gg, Rr^Vhc, Rr^Vhc, Rr^Vhc, Rr^Vhc, Wo, Wo, Rr^Vhc, Wo, Gs^Fms, Wo, Wo, Wo, Wo, Wo, Wo, Wo, Wo, Wo, Wo, Wo, Wo, Wo, Wo, Wo, Wo, Wo, Wo, Wo, Wo, Wo, Wo, Wo, Wo, Wo, Wo, Wo, Wo, Wo
Wo, Wo, Wo, Wo, Wo, Wo, Wo, Wo, Wo, Wo, Wo, Wo, Wo, Wo, Wo, Wo, Wo, Wo, Wo, Wo, Wo, Wo, Wo, Wo, Wo, Wo, Wo, Wo, Wo, Wo, Wo, Wo, Wo, Wo, Wo, Wo, Wo, Wo, Wo, Wo, Wo, Wo, Wo, Wo, Wo, Wo, Wo, Wo, Wo, Wo, Wo, Wo, Wo, Wo, Wo, Wo, Wo, Rb^Gvs, Rb^Gvs, Rb^Gvs, Rb^Gvs, Rr^Vhc, Rr^Vhc, Rr^Vhc, Rrc, Wo, Wo^Bsb/, Rrc, Ch, Gg, Rrc, Gg, Wo^Bsb/, Gg, Rrc, Rrc, Gg, Rr^Vhc, Wo, Wo, Wo, Wo, Wo, Wo, Wo, Wo, Wo, Wo, Wo, Wo, Wo, Wo, Wo, Wo, Wo, Wo, Wo, Wo, Wo, Wo, Wo, Wo, Wo, Wo, Wo, Wo, Wo, Wo, Wo, Wo, Wo, Wo, Wo
Wo, Wo, Wo, Wo, Wo, Wo, Wo, Wo, Wo, Wo, Wo, Wo, Wo, Wo, Wo, Wo, Wo, Wo, Wo, Wo, Wo, Wo, Wo, Wo, Wo, Wo, Wo, Wo, Wo, Wo, Wo, Wo, Wo, Wo, Wo, Wo, Wo, Wo, Wo, Wo, Wo, Wo, Wo, Wo, Wo, Wo, Wo, Wo, Wo, Wo, Wo, Wo, Wo, Wo, Wo, Wo, Wo, Rb^Gvs, Rb^Gvs, Rb^Gvs, Rb^Gvs, Rb^Gvs, Rr^Vhc, Gg, Wo^Bsb/, Wo^Bsb/, Wo, Ch, Kh, Ch, Gg, Rrc, Wo, Rrc, Gg, Gg, Gg, Wo, Wo, Wo, Wo, Wo, Wo, Wo, Wo, Wo, Wo, Wo, Wo, Wo, Wo, Wo, Wo, Wo, Wo, Wo, Wo, Wo, Wo, Wo, Wo, Wo, Wo, Wo, Wo, Wo, Wo, Wo, Wo, Wo, Wo, Wo, Gg
Wo, Wo, Wo, Wo, Wo, Wo, Wo, Wo, Wo, Wo, Wo, Wo, Wo, Wo, Wo, Wo, Wo, Wo, Wo, Wo, Wo, Wo, Wo, Wo, Wo, Wo, Wo, Wo, Wo, Wo, Wo, Wo, Wo, Wo, Wo, Wo, Wo, Wo, Wo, Wo, Wo, Wo, Wo, Wo, Wo, Wo, Wo, Wo, Wo, Wo, Wo, Wo, Wo, Wo, Wo, Wo, Wo, Rb^Gvs, Rb^Gvs, Rb^Gvs, Rb^Gvs, Rb^Gvs, Rrc, Rrc, Wo, Gg, Wo, Ch, Ch, Ch, Gg, Gg, Wo, Gg, Gg, Gg, Gg, Gg, Wo, Wo, Wo, Wo, Wo, Wo, Wo, Wo, Wo, Wo, Wo, Wo, Wo, Wo, Wo, Wo, Wo, Wo, Wo, Wo, Wo, Wo, Wo, Wo, Wo, Wo, Wo, Wo, Wo, Wo, Wo, Wo, Wo, Gg, Wo
Gg, Wo, Gg, Wo, Gg, Wo, Wo, Wo, Wo, Wo, Wo, Wo, Wo, Wo, Wo, Wo, Wo, Wo, Wo, Wo, Wo, Wo, Wo, Wo, Wo, Wo, Wo, Wo, Wo, Wo, Wo, Wo, Wo, Wo, Wo, Wo, Wo, Wo, Wo, Wo, Wo, Wo, Wo, Wo, Wo, Wo, Wo, Wo, Wo, Wo, Wo, Wo, Wo, Wo, Wo, Wo, Wo, Rb^Gvs, Rb^Gvs, Rb^Gvs, Rb^Gvs, Rb^Gvs, Rrc, Gg, Gg, Wo, Wo, Wo, Wo, Wo, Wo, Wo, Gg, Wo, Wo, Gg, Wo, Wo, Wo, Wo, Wo, Wo, Wo, Wo, Wo, Wo, Wo, Wo, Wo, Wo, Wo, Wo, Wo, Wo, Wo, Wo, Wo, Wo, Wo, Wo, Wo, Wo, Wo, Wo, Wo, Wo, Gg, Wo, Gg, Wo, Gg, Gg, Wo
Gg, Gg, Wo, Wo, Wo, Wo, Wo, Wo, Wo, Wo, Wo, Wo, Wo, Wo, Wo, Wo, Wo, Wo, Wo, Wo, Wo, Wo, Wo, Wo, Wo, Wo, Wo, Wo, Wo, Wo, Wo, Wo, Wo, Wo, Wo, Wo, Wo, Wo, Wo, Wo, Wo, Wo, Wo, Wo, Wo, Wo, Wo, Wo, Wo, Wo, Wo, Wo, Wo, Wo, Wo, Wo, Wo, Rb^Gvs, Rb^Gvs, Rb^Gvs, Gg, Gg, Rrc, Gg, Gg, Wo, Wo, Gg, Wo, Wo, Gg, Wo, Gg, Gg, Gg, Wo, Gg, Wo, Wo, Wo, Wo, Wo, Wo, Wo, Wo, Wo, Wo, Wo, Wo, Wo, Wo, Wo, Wo, Wo, Wo, Wo, Wo, Wo, Gg, Wo, Gg, Wo, Wo, Wo, Wo, Wo, Gg, Gg, Ch, Ch, 2 Kh, Gg, Gg
Gg, Gg, Gg, Gg, Gg, Gg, Gg, Wo, Wo, Wo, Wo, Wo, Wo, Wo, Wo, Wo, Wo, Wo, Wo, Wo, Wo, Wo, Wo, Wo, Wo, Wo, Wo, Wo, Wo, Wo, Wo, Wo, Wo, Wo, Wo, Wo, Wo, Wo, Wo, Wo, Wo, Wo, Wo, Wo, Wo, Wo, Wo, Wo, Wo, Wo, Wo, Wo, Wo, Wo, Wo, Wo, Wo, Wo, Gg, Gg, Gg, Gg, Gg, Rrc, Gg, Gg, Wo, Wo, Gg, Wo, Wo, Wo, Wo, Gg, Wo, Wo, Wo, Wo, Wo, Wo, Wo, Wo, Wo, Wo, Wo, Wo, Wo, Wo, Wo, Wo, Wo, Wo, Gg, Wo, Gg, Gg, Gg, Gg, Gg, Gg, Gg, Gg, Gg, Wo, Wo, Wo, Gg, Gg, Gg, Ch, Ch, Ch, Gg
Gg, Gg, Gg, Gg, Gg, Gg, Gg, Gg, Gg, Wo, Wo, Wo, Wo, Wo, Wo, Wo, Wo, Wo, Wo, Wo, Wo, Wo, Wo, Wo, Wo, Wo, Wo, Wo, Wo, Wo, Wo, Wo, Wo, Wo, Wo, Wo, Wo, Wo, Wo, Wo, Wo, Wo, Wo, Wo, Wo, Wo, Wo, Wo, Wo, Wo, Wo, Wo, Wo, Wo, Wo, Wo, Wo, Wo, Gg, Gg, Gg, Gg, Wot, Rrc, Wot, Wot, Gg, Gg, Gg, Wo, Wo, Wo, Wo, Wo, Wo, Wo, Wo, Gg, Gg, Wo, Wo, Wo, Wo, Wo, Wo, Wo, Gg, Wo, Gg, Wo, Gg, Gg, Gg, Gg, Gg, Gg, Gg, Gg, Gg, Gg, Gg, Wo, Wo, Gg, Wo, Wo, Wo, Gg, Gg, Gg, Gg, Gg, Gg
Gg, Gg, Gg, Gg, Gg, Gg, Gg, Gg, Gg, Wo, Wo, Wo, Wo, Wo, Wo, Wo, Wo, Wo, Wo, Wo, Wo, Wo, Wo, Wo, Wo, Wo, Wo, Wo, Wo, Wo, Wo, Wo, Wo, Wo, Wo, Wo, Wo, Wo, Wo, Wo, Wo, Wo, Wo, Wo, Wo, Wo, Wo, Wo, Wo, Wo, Wo, Wo, Wo, Wo, Wo, Wo, Wo, Wo, Wo, Gg, Wot, Wot, Gg, Wot, Rrc, Gg, Gg, Gg, Gg, Wo, Wo, Wo, Wo, Wo, Wo, Wo, Wo, Gg, Gg, Gg, Wo, Wo, Rr^Vhc, Wo, Rr^Vhc, Gg, Gg, Gg, Gg, Gg, Gs^Fms, Gs^Fms, Gs^Fms, Gg, Rb^Gvs, Rb^Gvs, Rb^Gvs, Hh, Hh, Gg, Gg, Wo, Wo, Wo, Wo, Wo, Gg, Gg, Gs^Fms, Gg, Gg, Gg, Gg
Gg, Gg, Gg, Gg, Gg, Gg, Gg, Gg, Gg, Wo, Wo, Wo, Wo, Wo, Wo, Wo, Wo, Wo, Wo, Wo, Wo, Wo, Wo, Wo, Wo, Wo, Wo, Wo, Wo, Wo, Wo, Wo, Wo, Wo, Wo, Wo, Wo, Wo, Wo, Wo, Wo, Wo, Wo, Wo, Wo, Wo, Wo, Wo, Wo, Wo, Wo, Wo, Wo, Wo, Wo, Wo, Wo, Wo, Wo, Wot, Gg, Gg, Gg, Gg, Gg, Rrc, Gg, Gg, Wo, Wo, Wo, Wo, Wo, Wo, Rr^Vhc, Rr^Vhc, Gg, Gg, Wo, Wo, Wo, Gg, Gg, Wo, Rrc, Gg, Gg, Gg, Rb^Gvs, Gg, Gs^Fms, Gs^Fms, Hh, Hh, Rb^Gvs, Rb^Gvs, Rb^Gvs, Hh, Hh, Gg, Rr^Vhc, Rr^Vhc, Rr^Vhc, Wo, Rr^Vhc, Rr^Vhc, Gg, Gg, Gs^Fms, Gg, Gg, Gg, Gg
Gg, Gg, Gg, Gg, Gg, Gg, Gg, Gg, Gg, Gg, Wo, Wo, Wo, Wo, Wo, Wo, Wo, Wo, Wo, Wo, Wo, Wo, Wo, Wo, Wo, Wo, Wo, Wo, Wo, Wo, Wo, Wo, Wo, Wo, Wo, Wo, Wo, Wo, Wo, Wo, Wo, Wo, Wo, Wo, Wo, Wo, Wo, Wo, Wo, Wo, Wo, Wo, Wo, Wo, Wo, Wo, Wo, Wo, Wo, Gg, Gg, Gg, Gg, Gg, Gg, Rrc, Gg, Gg, Gg, Wo, Gg, Gg, Gg, Rr^Vhc, Rrc, Rr^Vhc, Gs^Fms, Gs^Fms, Gs^Fms, Gg, Gg, Wo, Wo, Wo, Rr^Vhc, Gg, Rb^Gvs, Rb^Gvs, Rb^Gvs, Rb^Gvs, Gs^Fms, Hh, Hh, Gg, Gs^Fms, Rb^Gvs, Rb^Gvs, Rb^Gvs, Rb^Gvs, Rb^Gvs, Rb^Gvs, Rr^Vhc, Rr^Vhc, Wot^Bsb/, Rr^Vhc, Rr^Vhc, Gg, Gg, Gg, Gg, Gg, Gg, Gg
Gg, Gg, Gg, Gg, Gg, Gg, Gg, Gg, Gg, Gg, Wo, Wo, Wo, Wo, Wo, Wo, Wo, Wo, Wo, Wo, Wo, Wo, Wo, Wo, Wo, Wo, Wo, Wo, Wo, Wo, Wo, Wo, Wo, Wo, Wo, Wo, Wo, Wo, Wo, Wo, Wo, Wo, Wo, Wo, Wo, Wo, Wo, Wo, Wo, Wo, Wo, Wo, Wo, Wo, Wo, Wo, Rr^Vhc, Rr^Vhc, Rr^Vhc, Wo, Wot, Gg, Gg, Gg, Gg, Rrc, Rr^Vhc, Gg, Gg, Gg, Gs^Fms, Gg, Gs^Fms, Gg, Gg, Rrc, Gg, Gs^Fms, Gs^Fms, Gg, Gg, Gg, Rr^Vhc, Wot^Bsb/, Rr^Vhc, Gg, Gg, Rb^Gvs, Rb^Gvs, Rb^Gvs, Gg, Hh, Gg, Gg, Gg, Gs^Fms, Gs^Fms, Rb^Gvs, Gs^Fms, Rb^Gvs, Rb^Gvs, Rb^Gvs, Wot, Wot, Gg, Rrc, Rrc, Gg, Gg, Gg, Gg, Gg, Gg
Gg, Gg, Gg, Gg, Gg, Gg, Gg, Gg, Gg, Gg, Wo, Wo, Wo, Wo, Wo, Wo, Wo, Wo, Wo, Wo, Wo, Wo, Wo, Wo, Wo, Wo, Wo, Wo, Wo, Wo, Wo, Wo, Wo, Wo, Wo, Wo, Wo, Wo, Wo, Wo, Wo, Wo, Wo, Wo, Wo, Wo, Wo, Wo, Wo, Wo, Wo, Wo, Wo, Wo, Rr^Vhc, Wo, Wo^Bsb/, Rr^Vhc, Gg, Gg, Gg, Wot, Wot, Gg, Wot, Gg, Rr^Vhc, Rr^Vhc, Rr^Vhc, Gg, Gg, Gs^Fms, Gs^Fms, Gs^Fms, Gg, Rrc, Gg, Gs^Fms, Gs^Fms, Gg, Rrc, Rrc, Gg, Wot, Gg, Rrc, Rrc, Rb^Gvs, Rb^Gvs, Gs^Fms, Gs^Fms, Gs^Fms, Gs^Fms, Gs^Fms, Gg, Gs^Fms, Gs^Fms, Gs^Fms, Gg, Gg, Gg, Wot, Gg, Gg, Gs^Fms, Gg, Rrc, Rrc, Gg, Gg, Rb^Gvs, Rb^Gvs, Rb^Gvs
Gg, Gg, Gg, Gg, Gg, Gg, Gg, Gg, Gg, Wo, Wo, Wo, Wo, Wo, Wo, Wo, Wo, Wo, Wo, Wo, Wo, Wo, Wo, Wo, Wo, Wo, Wo, Wo, Wo, Wo, Wo, Wo, Wo, Wo, Wo, Wo, Wo, Wo, Wo, Wo, Wo, Wo, Wo, Wo, Wo, Wo, Gg, Wo, Wo, Wo, Wo, Wo, Gg, Rr^Vhc, Rr^Vhc, Rr^Vhc, Rr^Vhc, Wot, Wot, Gg, Gg, Gg, Gg, Wot, Gg, Wot, Wot, Wot, Wot^Bsb/, Rr^Vhc, Wot, Gg, Gs^Fms, Gs^Fms, Gg, Rrc, Gg, Gg, Gg, Rrc, Gs^Fms, Gg, Gg, Wot, Gg, Gg, Rrc, Rb^Gvs, Rb^Gvs, Gs^Fms, Gs^Fms, Gs^Fms, Gg, Gs^Fms, Gg, Gs^Fms, Gs^Fms, Gs^Fms, Gg, Gg, Wot, Wot, Gg, Gg, Gs^Fms, Gg, Gg, Rrc, Rrc, Rb^Gvs, Rb^Gvs, Rb^Gvs, Rb^Gvs
Gg, Gg, Gg, Gg, Gg, Gg, Gg, Gg, Wo, Wo, Wo, Wo, Wo, Wo, Wo, Wo, Wo, Wo, Wo, Wo, Wo, Wo, Wo, Wo, Wo, Wo, Wo, Wo, Wo, Wo, Wo, Wo, Wo, Wo, Wo, Wo, Wo, Wo, Wo, Wo, Rr^Vhc, Gg, Wot, Wot, Wot, Wot, Gg, Gg, Gg, Gg, Gg, Gg, Gg, Gg, Gg, Rr^Vhc, Gg, Gg, Wot, Wot, Gg, Gg, Gg, Gg, Gg, Gg, Rr^Vhc, Rr^Vhc, Rr^Vhc, Wot, Gg, Wot, Wot, Gg, Rr^Vhc, Rr^Vhc, Rr^Vhc, Gg, Rrc, Rrc, Gs^Fms, Gg, Gg, Wot, Gg, Gg, Gg, Rrc, Rb^Gvs, Gs^Fms, Gg, Rb^Gvs, Rb^Gvs, Rb^Gvs, Rb^Gvs, Gg, Gg, Gg, Gg, Gg, Wot, Gg, Gg, Gs^Fms, Gs^Fms, Gs^Fms, Gg, Gg, Rrc, Gg, Gg, Rb^Gvs, Gg
Gg, Gg, Gg, Gg, Gg, Gg, Gg, Wo, Wo, Wo, Wo, Wo, Wo, Wo, Wo, Wo, Wo, Wo, Wo, Wo, Wo, Wo, Wo, Wo, Wo, Wo, Wo, Wo, Wo, Wo, Wo, Wo, Wo, Wo, Wo, Wo, Wo, Wo, Gg, Rr^Vhc, Rr^Vhc, Rr^Vhc, Rr^Vhc, Wot, Wot, Wot, Rr^Vhc, Rr^Vhc, Rr^Vhc, Rrc, Rrc, Rrc, Rrc, Rrc, Rrc, Rrc, Rrc, Rrc, Rrc, Wot, Wot, Gg, Rrc, Gg, Rr^Vhc, Gg, Rrc, Rr^Vhc, Rr^Vhc, Rr^Vhc, Rrc, Gg, Wot, Wot, Rr^Vhc, Rr^Vhc, Rr^Vhc, Rr^Vhc, Gg, Gs^Fms, Gs^Fms, Gg, Wot, Wot, Gg, Gg, Gg, Rrc, Rb^Gvs, Rb^Gvs, Wot, Rb^Gvs, Wot, Rb^Gvs, Wot, Gg, Wot, Gg, Wot, Wot, Wot, Gg, Gg, Gs^Fms, Gs^Fms, Gs^Fms, Gs^Fms, Gg, Gg, Rrc, Gg, Gg, Gg
Rr^Vhc, Rr^Vhc, Gg, Gg, Wo, Wo, Wo, Wo, Wo, Wo, Wo, Wo, Wo, Wo, Wo, Wo, Wo, Wo, Wo, Wo, Wo, Wo, Wo, Wo, Wo, Wo, Wo, Wo, Wo, Wo, Wo, Wo, Wo, Wo, Wo, Wo, Wo, Wo, Gg, Rr^Vhc, Rr^Vhc, Rr^Vhc, Wot, Wot, Wot, Wot, Rr^Vhc, Rr^Vhc, Rr^Vhc, Gg, Gg, Gg, Gs^Fms, Gg, Gs^Fms, Gg, Gg, Gg, Gg, Rrc, Rrc, Wot, Wot^Bsb/, Rr^Vhc, Rr^Vhc, Rrc, Gg, Gs^Fms, Rrc, Gs^Fms, Ch, Rrc, Rrc, Wot, Wot^Bsb/, Rr^Vhc, Rr^Vhc, Rr^Vhc, Gg, Gs^Fms, Gs^Fms, Gs^Fms, Wot, Gg, Gg, Gg, Gg, Rrc, Rrc, Wot, Gs^Fms, Wot, Gs^Fms, Wot, Gs^Fms, Wot, Rb^Gvs, Wot, Gg, Wot, Gg, Gg, Gg, Gs^Fms, Gs^Fms, Gs^Fms, Gs^Fms, Gg, Gg, Rrc, Ch, Ch, Ch
Rr^Vhc, Rr^Vhc, Wo, Wo, Wo, Wo, Wo, Wo, Wo, Wo, Wo, Wo, Wo, Wo, Wo, Wo, Wo, Wo, Wo, Wo, Wo, Wo, Wo, Wo, Wo, Wo, Wo, Wo, Wo, Wo, Wo, Wo, Wo, Wo, Wo, Wo, Gg, Gg, Rr^Vhc, Rr^Vhc, Rr^Vhc, Rr^Vhc, Wot, Wot, Wot, Wot, Wot, Rr^Vhc, Rr^Vhc, Gg, Gg, Gg, Gs^Fms, Gs^Fms, Gs^Fms, Gs^Fms, Gs^Fms, Gg, Gg, Gg, Gg, Rr^Vhc, Wot^Bsb/, Rr^Vhc, Rr^Vhc, Rr^Vhc, Gg, Gs^Fms, Gs^Fms, Rrc, Ch, 5 Kh, Ch, Rr^Vhc, Rr^Vhc, Wot, Wot, Rrc, Rrc, Gs^Fms, Gs^Fms, Gg, Wot, Wot, Wot, Wot, Wot, Wot, Wot, Wot^Bsb\, Rr^Vhc, Gs^Fms, Gs^Fms, Gs^Fms, Gs^Fms, Rb^Gvs, Rb^Gvs, Wot, Gg, Wot, Wot, Gg, Gg, Gg, Gs^Fms, Gs^Fms, Gs^Fms, Gg, Gg, Rrc, Ch, 1 Kh, Gg
Rr^Vhc, Wo, Wo, Wo, Wo, Wo, Wo, Wo, Wo, Wo, Wo, Wo, Wo, Wo, Wo, Wo, Wo, Wo, Wo, Wo, Wo, Wo, Wo, Wo, Wo, Wo, Wo, Wo, Wo, Wo, Wo, Wo, Wo, Wo, Wo, Gg, Gg, Gg, Rr^Vhc, Rr^Vhc, Rr^Vhc, Wot, Wot, Wot, Wot, Wot, Wot, Rr^Vhc, Rr^Vhc, Gg, Gg, Gs^Fms, Gs^Fms, Gs^Fms, Gs^Fms, Gs^Fms, Gg, Gs^Fms, Gg, Gg, Gg, Rr^Vhc, Rr^Vhc, Wot, Rr^Vhc, Gg, Rrc, Gg, Gs^Fms, Rrc, Rr^Vhc, Ch, Gs^Fms, Gs^Fms, Gg, Rrc, Wot, Gg, Rrc, Gg, Gg, Wot, Wot, Gg, Gg, Gg, Gg, Gg, Wot, Rr^Vhc, Rr^Vhc, Rr^Vhc, Gg, Gg, Gg, Rb^Gvs, Gg, Wot, Wot, Gg, Wot, Wot, Gg, Gg, Gg, Gs^Fms, Gg, Gg, Gg, Rrc, Gg, Ch, Gg
Rr^Vhc, Rr^Vhc, Gg, Wo, Gg, Wo, Gg, Wo, Wo, Wo, Wo, Wo, Wo, Wo, Wo, Wo, Wo, Wo, Wo, Wo, Wo, Wo, Wo, Wo, Wo, Wo, Wo, Wo, Wo, Wo, Wo, Wo, Wo, Wo, Wo, Gg, Gg, Rr^Vhc, Rr^Vhc, Rr^Vhc, Rr^Vhc, Wot, Wot, Wot, Wot, Wot, Rr^Vhc, Rr^Vhc, Rr^Vhc, Gg, Gg, Gg, Gg, Gs^Fms, Gg, Gg, Gg, Gg, Gg, Gg, Gg, Gg, Rrc, Wot^Bsb/, Gg, Rrc, Gg, Rrc, Rrc, Rr^Vhc, Rr^Vhc, Rrc, Rrc, Rrc, Rrc, Rrc, Gg, Wot, Rrc, Rrc, Rr^Vhc, Gg, Wot, Gg, Gg, Gg, Gg, Gg, Gg, Wot, Wot^Bsb|, Wot, Wot, Gg, Rrc, Gg, Gg, Gg, Wot, Gg, Gg, Wot, Wot^Bsb/, Gg, Gg, Gg, Gg, Gg, Gg, Rrc, Rrc, Gg, Rr^Vhc
Gg, Gg, Gg, Gg, Gg, Gg, Gg, Wo, Wo, Wo, Wo, Wo, Wo, Wo, Wo, Wo, Wo, Wo, Wo, Wo, Wo, Wo, Wo, Wo, Wo, Wo, Wo, Wo, Wo, Wo, Wo, Wo, Wo, Wo, Wo, Rrc, Rrc, Gg, Rr^Vhc, Rr^Vhc, Rr^Vhc, Wot, Wot, Wot, Wot, Wot, Rr^Vhc, Rr^Vhc, Rr^Vhc, Rrc, Gg, Gg, Rrc, Gg, Rrc, Rrc, Rrc, Rrc, Rrc, Rrc, Rrc, Rrc, Gg, Wot, Gg, Gg, Gg, Gg, Gg, Rr^Vhc, Rrc, Rr^Vhc, Gs^Fms, Rrc, Gg, Gg, Gg, Wot, Rr^Vhc, Rr^Vhc, Rr^Vhc, Rr^Vhc, Wot, Gg, Gg, Gg, Gg, Gg, Gg, Rrc, Rrc, Rrc, Wot^Bsb/, Rrc, Gg, Rrc, Rrc, Rrc, Rrc, Wot, Rrc, Rrc, Wot, Rrc, Rrc, Rrc, Rrc, Rrc, Rrc, Rrc, Rr^Vhc, Rr^Vhc, Rr^Vhc
Gg, Gg, Gg, Gg, Gg, Gg, Gg, Wo, Wo, Wo, Wo, Wo, Wo, Wo, Wo, Wo, Wo, Wo, Wo, Wo, Wo, Wo, Wo, Wo, Wo, Wo, Wo, Wo, Wo, Wo, Wo, Wo, Wo, Wo, Wo, Gg, Gg, Rrc, Rrc, Rr^Vhc, Rr^Vhc, Wot, Rr^Vhc, Wot, Wot, Wot, Rr^Vhc, Rr^Vhc, Ch, Rrc, Rrc, Rrc, Gg, Rrc, Gg, Gg, Gg, Gg, Gg, Gg, Gg, Gg, Gg, Wot, Wot, Gg, Gg, Gg, Gg, Gs^Fms, Gs^Fms, Rrc, Gs^Fms, Gs^Fms, Gg, Gg, Gg, Wot, Wot, Rr^Vhc, Wot^Bsb\, Rr^Vhc, Wot, Wot, Gg, Gg, Gg, Gg, Gg, Rrc, Rrc, Gg, Wot, Gg, Wot, Gg, Wot, Gg, Gg, Rrc, Gg, Gg, Gg, Wot, Wot, Wot, Wot, Gg, Wot, Gg, Wot, Rr^Vhc, Rr^Vhc
Gg, Gg, Gg, Gg, Gg, Gg, Wo, Wo, Wo, Wo, Wo, Wo, Wo, Wo, Wo, Wo, Wo, Wo, Wo, Wo, Wo, Wo, Wo, Wo, Wo, Wo, Wo, Wo, Wo, Wo, Wo, Wo, Wo, Wo, Wo, Gg, Gg, Gg, Gg, Rrc, Rrc, Rr^Vhc, Rrc, Rr^Vhc, Rr^Vhc, Rr^Vhc, Rr^Vhc, Ch, Ch, 4 Kh, Ch, Rrc, Gg, Gg, Gg, Gg, Gs^Fms, Gs^Fms, Gs^Fms, Gg, Gg, Gg, Wot, Wot, Wot, Gg, Wot, Gg, Wot, Gs^Fms, Wot, Wot^Bsb|, Wot, Gs^Fms, Wot, Wot, Wot, Wot, Gg, Wot^Bsb|, Gg, Wot^Bsb\, Rrc, Wot, Wot, Wot, Wot, Rr^Vhc, Rr^Vhc, Gg, Rrc, Gg, Gg, Wot, Rrc, Wot, Gg, Wot, Wot, Gg, Gg, Gg, Gg, Gg, Hh, Gg, Gg, Wot, Gg, Wot, Wot, Wot^Bsb|, Wot
Wo, Gg, Wo, Wo, Wo, Wo, Wo, Wo, Wo, Wo, Wo, Wo, Wo, Wo, Wo, Wo, Wo, Wo, Wo, Wo, Wo, Wo, Wo, Wo, Wo, Wo, Wo, Wo, Wo, Wo, Wo, Wo, Wo, Wo, Wo, Rr^Vhc, Wot, Gg, Gg, Rr^Vhc, Rr^Vhc, Rr^Vhc, Rr^Vhc, Rr^Vhc, Rr^Vhc, Rrc, Rrc, Rrc, Rrc, Ch, Gg, Rrc, Rrc, Gg, Gg, Gg, Gs^Fms, Gs^Fms, Gs^Fms, Gs^Fms, Wot, Wot, Gg, Wot, Wot, Wot, Gg, Wot, Gg, Wot, Gs^Fms, Rrc, Gs^Fms, Wot, Gg, Gg, Gg, Wot, Gg, Rrc, Gg, Gg, Gg, Rrc, Rrc, Gg, Rrc, Wot^Bsb/, Rr^Vhc, Rr^Vhc, Rr^Vhc, Rrc, Rrc, Rrc, Gg, Gg, Gg, Gg, Gg, Wot, Gg, Gg, Gg, Gg, Gg, Gg, Gg, Gg, Gg, Gg, Rrc, Rrc, Gg
Wo, Wo, Wo, Wo, Wo, Wo, Wo, Wo, Wo, Wo, Wo, Wo, Wo, Wo, Wo, Wo, Wo, Wo, Wo, Wo, Wo, Wo, Wo, Wo, Wo, Wo, Wo, Wo, Wo, Wo, Wo, Wo, Wo, Wo, Rrc, Wot^Bsb|, Rr^Vhc, Wot, Wot, Wot, Wot^Bsb|, Rr^Vhc, Wot, Rr^Vhc, Wot, Rr^Vhc, Wot, Gg, Wot, Rrc, Rrc, Gg, Rr^Vhc, Gg, Gs^Fms, Gs^Fms, Gs^Fms, Gs^Fms, Wot, Wot, Gs^Fms, Gg, Gg, Gg, Wot, Gg, Gg, Gg, Gg, Gs^Fms, Gs^Fms, Rrc, Gs^Fms, Gs^Fms, Gg, Gg, Gg, Wot, Rrc, Rrc, Gg, Gg, Gg, Gg, Gg, Rrc, Rr^Vhc, Wot, Wot, Rr^Vhc, Wot^Bsb|, Rr^Vhc, Gg, Rrc, Rrc, Gg, Gg, Gg, Gg, Wot, Gg, Gg, Gg, Gg, Gg, Hh, Rrc, Rrc, Rrc, Rrc, Gg, Gg, Gg
Wo, Wo, Wo, Wo, Wo, Wo, Wo, Wo, Wo, Wo, Wo, Wo, Wo, Wo, Wo, Wo, Wo, Wo, Wo, Wo, Wo, Wo, Wo, Wo, Wo, Wo, Wo, Wo, Wo, Wo, Wo, Wo, Wo, Wo, Rr^Vhc, Rrc, Rrc, Gg, Gg, Wot, Wot^Bsb|, Wot, Gg, Wot, Gg, Wot, Gg, Wot, Gg, Wot, Gg, Rr^Vhc, Rr^Vhc, Rr^Vhc, Gg, Gs^Fms, Gs^Fms, Wot, Gs^Fms, Gs^Fms, Gs^Fms, Gs^Fms, Gg, Gg, Gg, Wot, Gg, Gg, Gg, Gs^Fms, Gs^Fms, Rrc, Gs^Fms, Gs^Fms, Gg, Gg, Gg, Wot, Rrc, Gg, Gg, Gg, Gs^Fms, Gs^Fms, Gs^Fms, Gg, Gg, Rr^Vhc, Rrc, Wot, Rrc, Wot, Gg, Gg, Gg, Rrc, Rrc, Rrc, Rrc, Wot, Rr^Vhc, Gg, Rrc, Gg, Rrc, Rrc, Rrc, Rrc, Hh, Gg, Hh, Gg, Gg
Wo, Wo, Wo, Wo, Wo, Wo, Wo, Wo, Wo, Wo, Wo, Wo, Wo, Wo, Wo, Wo, Wo, Wo, Wo, Wo, Wo, Wo, Wo, Wo, Wo, Wo, Wo, Wo, Wo, Wo, Wo, Wo, Wot, Gg, Gg, Rr^Vhc, Gg, Rrc, Rrc, Rr^Vhc, Rr^Vhc, Wot, Wot, Gg, Gg, Gg, Gg, Gg, Gg, Wot, Wot, Rr^Vhc, Rr^Vhc, Rr^Vhc, Gg, Gs^Fms, Wot, Wot, Gs^Fms, Gs^Fms, Gs^Fms, Gs^Fms, Gg, Gg, Gg, Wot, Gg, Gg, Gg, Gs^Fms, Gs^Fms, Rrc, Hh, Gs^Fms, Hh, Gg, Rrc, Wot^Bsb/, Gg, Gg, Gs^Fms, Gs^Fms, Gs^Fms, Gs^Fms, Rrc, Rrc, Rrc, Rrc, Gg, Rr^Vhc, Rrc, Wot, Wot, Gg, Gg, Gg, Gg, Gg, Rr^Vhc, Rr^Vhc, Rr^Vhc, Rr^Vhc, Hh, Rrc, Hh, Hh, Hh, Hh, Hh, Hh, Hh, Hh, Hh
Wo, Wo, Wo, Wo, Wo, Wo, Wo, Wo, Wo, Wo, Wo, Wo, Wo, Wo, Wo, Wo, Wo, Wo, Wo, Wo, Wo, Wo, Wo, Wo, Wo, Wo, Wo, Wo, Gg, Gg, Gg, Gg, Wot, Wot, Gg, Gg, Gg, Gg, Gg, Rrc, Rr^Vhc, Gg, Gg, Wot, Wot, Gg, Gg, Gg, Gg, Wot, Wot^Bsb/, Rr^Vhc, Rr^Vhc, Rr^Vhc, Rrc, Gg, Wot, Gs^Fms, Gs^Fms, Gs^Fms, Gs^Fms, Gg, Gg, Gg, Gg, Wot, Gg, Gg, Hh, Gg, Hh, Rrc, Hh, Hh, Hh, Rrc, Hh, Wot, Hh, Gs^Fms, Gs^Fms, Gs^Fms, Rrc, Rrc, Gs^Fms, Gs^Fms, Gg, Gg, Rb^Gvs, Rb^Gvs, Rrc, Gg, Gg, Wot, Wot, Gg, Gg, Hh, Hh, Rr^Vhc, Rr^Vhc, Rr^Vhc, Hh, Hh, Hh, Hh, Hh, Hh, Hh, Hh, Hh, Hh, Hh
Wo, Wo, Wo, Wo, Wo, Wo, Wo, Wo, Wo, Wo, Wo, Wo, Wo, Wo, Wo, Wo, Wo, Wo, Wo, Wo, Gg, Wo, Gg, Gg, Rb^Gvs, Gg, Gg, Gg, Gg, Gg, Gg, Gg, Gg, Wot, Wot, Gg, Gg, Gg, Gg, Rrc, Rrc, Gg, Gg, Wot, Wot, Gg, Gg, Gg, Rrc, Rrc, Wot, Gg, Gg, Gg, Wot^Bsb\, Wot, Gg, Gs^Fms, Gs^Fms, Gs^Fms, Gg, Gg, Gg, Gg, Gg, Wot, Hh, Hh, Hh, Hh, Hh, Rrc, Hh, Hh, Hh, Rrc, Wot, Wot, Hh, Gs^Fms, Rrc, Rrc, Gs^Fms, Gs^Fms, Hh, Gg, Gg, Rb^Gvs, Rb^Gvs, Rb^Gvs, Gg, Rrc, Gg, Gg, Gg, Wot, Gg, Hh, Hh, Rr^Vhc, Rrc, Hh, Hh, Hh, Hh, Hh, Hh, Hh, Hh, Hh, Hh, Hh, Hh
Wo, Wo, Wo, Wo, Wo, Wo, Wo, Wo, Wo, Wo, Wo, Wo, Gg, Wo, Gg, Wo, Gg, Gg, Gg, Gg, Gg, Gg, Rb^Gvs, Rb^Gvs, Rb^Gvs, Rb^Gvs, Rb^Gvs, Gg, Gg, Gg, Gg, Gg, Gg, Gg, Gg, Wot, Wot, Gg, Gg, Gg, Gg, Rrc, Rr^Vhc, Gg, Rr^Vhc, Wot, Wot^Bsb/, Rrc, Gg, Gg, Gg, Wot, Wot, Wot, Gg, Rrc, Gg, Gg, Gg, Gs^Fms, Gg, Gg, Hh, Gg, Hh, Wot, Wot, Hh, Hh, Hh, Hh, Rrc, Hh, Hh, Hh, Rrc, Wot, Hh, Hh, Rrc, Gs^Fms, Gs^Fms, Hh, Hh, Hh, Hh, Hh, Gg, Gg, Gg, Gg, Rrc, Gg, Gg, Gs^Fms, Wot, Wot, Hh, Hh, Hh, Rrc, Hh, Hh, Hh, Hh, Hh, Hh, Hh, Hh, Hh, Hh, Hh, Hh
Wo, Wo, Wo, Wo, Gg, Wo, Gg, Wo, Rrc, Gg, Gg, Gg, Gg, Gg, Gg, Gg, Gg, Gg, Gg, Gg, Rb^Gvs, Rb^Gvs, Rb^Gvs, Rb^Gvs, Rb^Gvs, Rb^Gvs, Rb^Gvs, Rb^Gvs, Rb^Gvs, Gg, Gg, Gg, Gg, Gg, Gg, Gg, Gg, Wot, Gg, Gg, Gg, Gg, Gg, Rr^Vhc, Rr^Vhc, Rr^Vhc, Wot, Gg, Gg, Gg, Gg, Wot, Wot, Gg, Gg, Rrc, Rrc, Gg, Gg, Gg, Hh, Hh, Hh, Hh, Hh, Hh, Wot, Hh, Hh, Hh, Hh, Rrc, Hh, Hh, Hh, Rrc, Wot, Hh, Wot, Rrc, Rr^Vhc, Rr^Vhc, Rr^Vhc, Hh, Hh, Hh, Hh, Hh, Hh, Hh, Hh, Rrc, Rrc, Gs^Fms, Gs^Fms, Gs^Fms, Gs^Fms, Gs^Fms, Hh, Hh, Rrc, Hh, Hh, Hh, Hh, Hh, Hh, Hh, Hh, Hh, Hh, Hh, Hh
Wo, Wo, Wo, Gg, Gg, Gg, Gg, Rr^Vhc, Rr^Vhc, Rrc, Rrc, Gg, Rr^Vhc, Gg, Gg, Gg, Gg, Gg, Rb^Gvs, Rb^Gvs, Rb^Gvs, Rb^Gvs, Rb^Gvs, Rb^Gvs, Rb^Gvs, Rb^Gvs, Rb^Gvs, Rb^Gvs, Gg, Gg, Gg, Gg, Gg, Gg, Gg, Gg, Gg, Wot, Wot, Gg, Rrc, Rrc, Rrc, Rr^Vhc, Rr^Vhc, Rr^Vhc, Wot, Gg, Gg, Gg, Gg, Gg, Gg, Wot, Gg, Gg, Rrc, Gg, Gg, Hh, Hh, Hh, Hh, Hh, Hh, Hh, Hh, Hh, Hh, Hh, Rr^Vhc, Rr^Vhc, Rr^Vhc, Hh, Rrc, Rrc, Wot^Bsb\, Wot, Hh, Wot, Wot, Wot, Wot^Bsb/, Rr^Vhc, Rr^Vhc, Hh, Rrc, Hh, Hh, Hh, Hh, Hh, Rrc, Gs^Fms, Gs^Fms, Gs^Fms, Gs^Fms, Gs^Fms, Hh, Hh, Hh, Rrc, Hh, Hh, Hh, Hh, Hh, Hh, Hh, Hh, Hh, Hh, Hh
Wo, Wo, Gg, Gg, Gg, Gg, Gg, Rr^Vhc, Gg, Gg, Gg, Rrc, Rr^Vhc, Rr^Vhc, Gg, Gg, Rb^Gvs, Rb^Gvs, Rb^Gvs, Rb^Gvs, Rb^Gvs, Rb^Gvs, Rb^Gvs, Rb^Gvs, Rb^Gvs, Rb^Gvs, Gg, Gg, Gg, Gg, Gg, Gg, Rrc, Gg, Rrc, Rrc, Rrc, Rrc, Rrc, Wot^Bsb/, Wot, Gg, Gg, Gg, Gg, Gg, Gg, Wot, Wot, Gg, Gg, Gg, Gg, Wot, Wot, Gg, Gg, Rrc, Gg, Hh, Hh, Hh, Hh, Hh, Hh, Hh, Hh, Hh, Hh, Rr^Vhc, Rr^Vhc, Rr^Vhc, Rr^Vhc, Rr^Vhc, Hh, Rrc, Wot, Rrc, Rrc, Rrc, Rr^Vhc, Rr^Vhc, Rr^Vhc, Wot^Bsb/, Wot, Rrc, Rrc, Rrc, Rrc, Rrc, Rrc, Rrc, Rrc, Hh, Hh, Gs^Fms, Gs^Fms, Gs^Fms, Hh, Hh, Hh, Rrc, Hh, Hh, Hh, Hh, Hh, Hh, Hh, Hh, Hh, Hh, Hh
Wo, Wo, Gg, Gg, Gg, Gg, Gg, Gg, Gg, Gg, Gg, Rrc, Rrc, Gg, Gg, Gg, Gg, Rb^Gvs, Rb^Gvs, Rb^Gvs, Rb^Gvs, Rb^Gvs, Rb^Gvs, Rb^Gvs, Gg, Gg, Gg, Gg, Rrc, Rrc, Rrc, Rrc, Gg, Rrc, Gg, Gg, Gg, Gg, Gg, Gg, Gg, Wot, Wot, Gg, Gg, Gg, Rb^Gvs, Gg, Wot, Gg, Gg, Gg, Gg, Gg, Gg, Wot, Gg, Rrc, Gg, Gg, Gg, Hh, Hh, Hh, Hh, Hh, Hh, Hh, Rrc, Rr^Vhc, Rr^Vhc, Rr^Vhc, Rr^Vhc, Hh, Hh, Hh, Wot, Hh, Hh, Hh, Hh, Rr^Vhc, Rr^Vhc, Rr^Vhc, Wot, Hh, Hh, Hh, Hh, Hh, Hh, Hh, Hh, Rrc, Hh, Gs^Fms, Hh, Gs^Fms, Hh, Hh, Hh, Rrc, Rrc, Hh, Hh, Hh, Hh, Hh, Hh, Hh, Hh, Hh, Hh
Wo, Wo, Wo, Gg, Gg, Gg, Rb^Gvs, Rb^Gvs, Rb^Gvs, Gg, Gg, Rrc, Rrc, Gg, Gg, Gg, Gg, Gg, Gg, Rb^Gvs, Rb^Gvs, Rb^Gvs, Gg, Gg, Rrc, Gg, Rrc, Rrc, Gg, Gg, Gg, Gg, Gg, Gg, Gg, Gg, Gg, Gg, Gg, Gg, Gg, Gg, Gg, Gg, Rb^Gvs, Rb^Gvs, Rb^Gvs, Rb^Gvs, Gg, Wot, Gg, Gg, Gg, Gg, Gg, Wot, Wot, Rrc, Rrc, Gg, Gg, Hh, Rrc, Hh, Rrc, Rrc, Rrc, Rrc, Hh, Rr^Vhc, Rr^Vhc, Rr^Vhc, Hh, Hh, Hh, Hh, Wot, Hh, Hh, Hh, Hh, Hh, Hh, Rrc, Wot, Hh, Hh, Hh, Hh, Hh, Hh, Hh, Hh, Rrc, Rrc, Hh, Hh, Hh, Hh, Hh, Hh, Hh, Rrc, Hh, Hh, Hh, Hh, Hh, Hh, Hh, Hh, Hh, Hh
Wo, Wo, Wo, Wo, Rb^Gvs, Rb^Gvs, Rb^Gvs, Rb^Gvs, Rb^Gvs, Rb^Gvs, Gg, Gg, Rrc, Gg, Gg, Gg, Gg, Gg, Gg, Gg, Rrc, Gg, Rrc, Rrc, Gg, Rrc, Gg, Gg, Gg, Gg, Rb^Gvs, Gg, Rb^Gvs, Gg, Gg, Gg, Rb^Gvs, Gg, Gg, Gg, Gg, Gg, Gg, Rb^Gvs, Rb^Gvs, Rb^Gvs, Gg, Gg, Gg, Wot, Gg, Gg, Gg, Gg, Gg, Gg, Wot, Gg, Rrc, Rrc, Rrc, Rrc, Hh, Rrc, Hh, Hh, Hh, Hh, Hh, Rrc, Hh, Hh, Hh, Hh, Gs^Fms, Hh, Hh, Wot, Hh, Hh, Hh, Hh, Hh, Rrc, Rrc, Wot, Hh, Hh, Hh, Hh, Hh, Hh, Hh, Hh, Rrc, Hh, Hh, Hh, Hh, Hh, Hh, Hh, Hh, Rrc, Hh, Hh, Hh, Hh, Hh, Hh, Hh, Hh, Hh
Wo, Wo, Wo, Wo, Gg, Rb^Gvs, Rb^Gvs, Rb^Gvs, Gg, Gg, Gg, Gg, Rrc, Gg, Gg, Gg, Gg, Gg, Rrc, Rrc, Gg, Rrc, Gg, Gg, Gg, Gg, Gg, Gg, Rb^Gvs, Rb^Gvs, Rb^Gvs, Rb^Gvs, Rb^Gvs, Rb^Gvs, Rb^Gvs, Rb^Gvs, Rb^Gvs, Rb^Gvs, Rb^Gvs, Gg, Gg, Gg, Gg, Gg, Gg, Gg, Gg, Gg, Wot, Wot, Gg, Gg, Gg, Gg, Gg, Gg, Wot, Gg, Rrc, Gg, Gg, Gg, Gg, Hh, Hh, Hh, Hh, Hh, Hh, Rrc, Hh, Hh, Hh, Gs^Fms, Gs^Fms, Hh, Hh, Wot, Hh, Hh, Hh, Hh, Hh, Hh, Rrc, Wot, Wot, Rr^Vhc, Rr^Vhc, Rr^Vhc, Hh, Hh, Hh, Hh, Hh, Rrc, Hh, Hh, Hh, Hh, Hh, Hh, Hh, Rrc, Rrc, Hh, Hh, Hh, Hh, Hh, Hh, Hh, Hh
Wo, Wo, Wo, Wo, Gg, Gg, Gg, Gg, Gg, Gg, Gg, Gg, Gg, Rrc, Rr^Vhc, Gg, Rrc, Rrc, Gg, Gg, Rb^Gvs, Rb^Gvs, Rb^Gvs, Gg, Gg, Gg, Rb^Gvs, Rb^Gvs, Rb^Gvs, Rb^Gvs, Rb^Gvs, Rb^Gvs, Rb^Gvs, Rb^Gvs, Rb^Gvs, Rb^Gvs, Rb^Gvs, Rb^Gvs, Rb^Gvs, Rb^Gvs, Rb^Gvs, Gg, Gg, Gg, Gg, Gg, Gg, Gg, Wot, Gg, Gg, Gg, Rb^Gvs, Rb^Gvs, Rb^Gvs, Gg, Gg, Wot, Gg, Rrc, Gg, Gg, Gg, Hh, Hh, Hh, Hh, Hh, Rrc, Rrc, Hh, Hh, Gs^Fms, Gs^Fms, Hh, Hh, Hh, Wot, Hh, Hh, Hh, Gs^Fms, Hh, Hh, Rr^Vhc, Rrc, Wot^Bsb/, Rr^Vhc, Rr^Vhc, Rr^Vhc, Rr^Vhc, Hh, Hh, Hh, Hh, Rrc, Rrc, Hh, Hh, Hh, Hh, Hh, Hh, Hh, Rrc, Hh, Hh, Hh, Hh, Hh, Hh, Hh, Rrc
Wo, Wo, Wo, Wo, Gg, Gg, Gg, Gg, Gg, Gg, Gg, Gg, Rr^Vhc, Rr^Vhc, Rr^Vhc, Rr^Vhc, Rr^Vhc, Gg, Rb^Gvs, Rb^Gvs, Rb^Gvs, Rb^Gvs, Gg, Gg, Gg, Gg, Gg, Rb^Gvs, Rb^Gvs, Rb^Gvs, Rb^Gvs, Rb^Gvs, Rb^Gvs, Rb^Gvs, Rb^Gvs, Rb^Gvs, Rb^Gvs, Rb^Gvs, Rb^Gvs, Rb^Gvs, Rb^Gvs, Rb^Gvs, Rb^Gvs, Gg, Gg, Gg, Gg, Gg, Wot, Gg, Rb^Gvs, Rb^Gvs, Rb^Gvs, Rb^Gvs, Rb^Gvs, Rb^Gvs, Gg, Wot, Rr^Vhc, Rr^Vhc, Rr^Vhc, Gg, Gg, Hh, Hh, Hh, Hh, Hh, Rrc, Rrc, Hh, Hh, Hh, Gs^Fms, Hh, Hh, Hh, Wot, Hh, Hh, Hh, Gs^Fms, Hh, Hh, Rr^Vhc, Rr^Vhc, Rr^Vhc, Wot, Wot^Bsb/, Rr^Vhc, Rr^Vhc, Hh, Hh, Hh, Hh, Hh, Hh, Rrc, Rrc, Hh, Hh, Hh, Hh, Hh, Rrc, Hh, Hh, Hh, Hh, Hh, Hh, Rrc, Hh
Wo, Wo, Gg, Gg, Gg, Gg, Gs^Fms, Gg, Gg, Gg, Gg, Gg, Rr^Vhc, Rr^Vhc, Rr^Vhc, Rr^Vhc, Rrc, Gg, Gg, Rb^Gvs, Gg, Gg, Gg, Gg, Gg, Gg, Gg, Gg, Gg, Rb^Gvs, Rb^Gvs, Rb^Gvs, Rb^Gvs, Rb^Gvs, Rb^Gvs, Rb^Gvs, Rb^Gvs, Rb^Gvs, Rb^Gvs, Rb^Gvs, Rb^Gvs, Rb^Gvs, Gg, Gg, Gg, Gg, Wot, Wot, Gg, Gg, Gg, Rb^Gvs, Rb^Gvs, Rb^Gvs, Gg, Gg, Rr^Vhc, Wot^Bsb/, Wot, Rr^Vhc, Rr^Vhc, Gg, Hh, Hh, Hh, Hh, Hh, Hh, Hh, Rrc, Hh, Hh, Hh, Hh, Hh, Hh, Hh, Wot, Hh, Hh, Hh, Hh, Hh, Rrc, Ch, Rr^Vhc, Rr^Vhc, Rrc, Wot, Wot, Hh, Hh, Hh, Hh, Hh, Hh, Hh, Hh, Hh, Rrc, Rrc, Hh, Hh, Hh, Hh, Rrc, Rr^Vhc, Rr^Vhc, Rr^Vhc, Rr^Vhc, Rrc, Rrc, Hh
Gg, Gg, Gg, Gg, Gg, Gg, Gs^Fms, Gg, Gg, Gg, Gg, Gg, Gg, Rr^Vhc, Ch, Ch, Ch, Rrc, Rrc, Rrc, Rrc, Gg, Rrc, Gg, Gg, Gg, Gg, Gg, Gg, Gg, Gg, Gg, Gg, Rb^Gvs, Rb^Gvs, Rb^Gvs, Rb^Gvs, Rb^Gvs, Rb^Gvs, Rb^Gvs, Gg, Gg, Gg, Gg, Wot, Wot, Gg, Gg, Gg, Gg, Gg, Gg, Gg, Gg, Rrc, Rr^Vhc, Rr^Vhc, Wot, Rr^Vhc, Rr^Vhc, Rr^Vhc, Hh, Hh, Hh, Hh, Hh, Hh, Hh, Hh, Rrc, Hh, Hh, Hh, Hh, Hh, Hh, Wot, Wot, Hh, Hh, Hh, Hh, Rrc, Rrc, Ch, Ch, Rr^Vhc, Rr^Vhc, Rrc, Wot, Wot, Hh, Hh, Hh, Hh, Hh, Hh, Hh, Hh, Hh, Hh, Rrc, Rrc, Hh, Hh, Rrc, Rr^Vhc, Rr^Vhc, Rrc, Rrc, Rr^Vhc, Hh, Hh
Gg, Gg, Gg, Gg, Gs^Fms, Gs^Fms, Gs^Fms, Gg, Gg, Gg, Gg, Gg, Gg, Rrc, Ch, 3 Kh, Ch, Ch, Gg, Gg, Gg, Rrc, Rrc, Rrc, Rrc, Rrc, Rrc, Gg, Rrc, Gg, Gg, Gg, Gg, Gg, Gg, Rb^Gvs, Rb^Gvs, Rb^Gvs, Gg, Gg, Gg, Gg, Gg, Wot, Rrc, Gg, Rr^Vhc, Gg, Gg, Gg, Rrc, Rrc, Rrc, Rrc, Hh, Rr^Vhc, Rr^Vhc, Wot^Bsb/, Wot, Rr^Vhc, Hh, Rrc, Rrc, Hh, Hh, Hh, Hh, Hh, Hh, Rrc, Rrc, Hh, Hh, Hh, Hh, Hh, Wot, Hh, Hh, Hh, Hh, Hh, Rrc, Hh, Hh, 8 Kh, Ch, Hh, Rrc, Rrc, Hh, Wot, Wot, Hh, Hh, Hh, Hh, Hh, Hh, Hh, Hh, Rrc, Rrc, Hh, Hh, Hh, Rr^Vhc, Rr^Vhc, Rrc, Rr^Vhc, Rr^Vhc, Rr^Vhc, Hh
Gg, Gg, Gg, Gg, Gs^Fms, Gs^Fms, Gs^Fms, Gs^Fms, Gg, Gg, Gg, Gg, Gg, Rrc, Ch, Ch, Gg, Gg, Gg, Gg, Gg, Gg, Gg, Gg, Gg, Rrc, Gg, Rrc, Rrc, Rrc, Rrc, Rrc, Rrc, Rrc, Rrc, Gg, Rrc, Gg, Rrc, Rrc, Rrc, Rrc, Rrc, Wot^Bsb/, Rr^Vhc, Rr^Vhc, Rr^Vhc, Rrc, Rrc, Rrc, Hh, Hh, Hh, Hh, Hh, Hh, Hh, Wot, Wot, Hh, Hh, Hh, Hh, Rrc, Rrc, Hh, Hh, Hh, Hh, Hh, Rrc, Rrc, Hh, Hh, Hh, Wot, Hh, Hh, Hh, Hh, Rrc, Rrc, Hh, Hh, Hh, Ch, Ch, Hh, Rrc, Rrc, Hh, Hh, Hh, Wot, Wot, Hh, Wot, Hh, Hh, Hh, Rrc, Rrc, Ch, Rrc, Rrc, Hh, Rrc, Rrc, Rrc, Rr^Vhc, Rr^Vhc, Rr^Vhc, Hh
Gg, Gg, Gg, Gg, Gs^Fms, Gs^Fms, Gs^Fms, Gs^Fms, Gg, Gg, Gg, Gg, Gg, Rrc, Gg, Gg, Gg, Gg, Gg, Gg, Gg, Gg, Rb^Gvs, Rb^Gvs, Rb^Gvs, Gg, Gg, Gg, Gg, Gg, Gg, Gg, Gg, Rrc, Gg, Rrc, Gg, Rrc, Gg, Rrc, Gg, Gg, Gg, Wot, Gg, Rr^Vhc, Gg, Gg, Gg, Gg, Hh, Hh, Hh, Hh, Hh, Hh, Hh, Hh, Wot, Hh, Hh, Hh, Hh, Rrc, Rrc, Rrc, Rrc, Hh, Hh, Hh, Rr^Vhc, Rr^Vhc, Rr^Vhc, Hh, Hh, Wot, Hh, Hh, Rrc, Rrc, Rrc, Hh, Hh, Hh, Hh, Hh, Hh, Hh, Hh, Rrc, Hh, Hh, Hh, Hh, Hh, Wot, Hh, Hh, Hh, Hh, Rrc, Ch, 6 Kh, Ch, Rrc, Rrc, Hh, Rr^Vhc, Rrc, Hh, Hh, Hh, Hh
Gg, Gg, Gg, Gs^Fms, Gs^Fms, Gs^Fms, Gs^Fms, Gs^Fms, Gg, Gg, Rb^Gvs, Gg, Gg, Rrc, Rrc, Gg, Gg, Gg, Gg, Gg, Rb^Gvs, Rb^Gvs, Rb^Gvs, Rb^Gvs, Rb^Gvs, Rb^Gvs, Rb^Gvs, Gg, Gg, Gg, Gg, Gg, Gg, Gg, Gg, Gg, Gg, Gg, Gg, Gg, Gg, Gg, Gs^Fms, Wot, Gg, Gg, Gg, Gg, Gg, Hh, Hh, Hh, Hh, Hh, Gs^Fms, Hh, Hh, Hh, Hh, Wot, Hh, Hh, Hh, Hh, Hh, Hh, Hh, Rrc, Rrc, Rr^Vhc, Rr^Vhc, Rr^Vhc, Rr^Vhc, Rrc, Rrc, Wot, Wot^Bsb/, Rrc, Hh, Hh, Hh, Hh, Hh, Hh, Hh, Gs^Fms, Hh, Hh, Hh, Rrc, Hh, Hh, Hh, Hh, Hh, Hh, Hh, Hh, Hh, Rrc, Hh, Hh, Hh, Rrc, Rrc, Hh, Hh, Hh, Hh, Rrc, Hh, Hh, Wot
Gg, Gg, Gg, Gs^Fms, Gs^Fms, Gs^Fms, Gs^Fms, Gg, Rb^Gvs, Rb^Gvs, Rb^Gvs, Rb^Gvs, Rb^Gvs, Gg, Rrc, Gg, Gg, Gg, Rb^Gvs, Rb^Gvs, Rb^Gvs, Rb^Gvs, Rb^Gvs, Rb^Gvs, Rb^Gvs, Rb^Gvs, Rb^Gvs, Rb^Gvs, Rb^Gvs, Gg, Gg, Gg, Gg, Gg, Gg, Gg, Gg, Gg, Gg, Gg, Gs^Fms, Gs^Fms, Gs^Fms, Wot, Gg, Gg, Hh, Hh, Hh, Hh, Hh, Hh, Hh, Hh, Hh, Hh, Hh, Hh, Hh, Wot, Wot, Wot, Wot, Wot, Wot, Hh, Hh, Hh, Hh, Rr^Vhc, Rr^Vhc, Rr^Vhc, Rr^Vhc, Rrc, Hh, Rrc, Hh, Wot, Hh, Hh, Hh, Hh, Hh, Hh, Hh, Gs^Fms, Hh, Hh, Hh, Rrc, Rrc, Hh, Hh, Hh, Hh, Hh, Hh, Hh, Rrc, Rrc, Hh, Hh, Hh, Rrc, Wot, Wot, Wot, Wot, Wot, Wot^Bsb|, Wot, Wot, Hh
Gg, Gg, Gg, Gs^Fms, Gs^Fms, Gs^Fms, Rb^Gvs, Rb^Gvs, Rb^Gvs, Rb^Gvs, Rb^Gvs, Rb^Gvs, Rb^Gvs, Rb^Gvs, Rrc, Gg, Gg, Rb^Gvs, Rb^Gvs, Rb^Gvs, Rb^Gvs, Rb^Gvs, Rb^Gvs, Rb^Gvs, Rb^Gvs, Rb^Gvs, Rb^Gvs, Rb^Gvs, Rb^Gvs, Rb^Gvs, Gs^Fms, Gg, Gs^Fms, Gg, Gs^Fms, Gs^Fms, Gs^Fms, Gg, Gg, Gg, Hh, Gs^Fms, Hh, Wot, Wot, Hh, Hh, Hh, Hh, Hh, Hh, Hh, Hh, Hh, Gs^Fms, Gs^Fms, Gs^Fms, Hh, Hh, Hh, Hh, Hh, Hh, Hh, Hh, Wot, Wot, Hh, Hh, Hh, Hh, Rrc, Hh, Hh, Hh, Hh, Hh, Wot, Hh, Hh, Hh, Hh, Hh, Hh, Hh, Gs^Fms, Hh, Hh, Hh, Rrc, Rrc, Hh, Hh, Hh, Hh, Hh, Hh, Hh, Rrc, Hh, Hh, Hh, Hh, Hh, Wot, Hh, Hh, Hh, Hh, Rrc, Rrc, Hh, Hh
Gg, Gg, Gs^Fms, Gs^Fms, Gs^Fms, Gs^Fms, Gg, Rb^Gvs, Rb^Gvs, Rb^Gvs, Rb^Gvs, Rb^Gvs, Gg, Gg, Rrc, Gg, Gg, Gg, Rb^Gvs, Rb^Gvs, Rb^Gvs, Rb^Gvs, Rb^Gvs, Rb^Gvs, Rb^Gvs, Rb^Gvs, Rb^Gvs, Rb^Gvs, Gs^Fms, Gs^Fms, Gs^Fms, Gs^Fms, Gs^Fms, Gs^Fms, Gs^Fms, Gs^Fms, Gs^Fms, Gg, Gs^Fms, Hh, Hh, Hh, Hh, Hh, Wot, Hh, Hh, Hh, Hh, Hh, Hh, Hh, Gs^Fms, Gs^Fms, Hh, Gs^Fms, Gs^Fms, Hh, Hh, Hh, Hh, Hh, Hh, Hh, Hh, Hh, Wot, Hh, Hh, Hh, Hh, Rrc, Hh, Hh, Hh, Hh, Hh, Wot, Hh, Hh, Hh, Hh, Hh, Hh, Hh, Hh, Hh, Hh, Hh, Hh, Rrc, Hh, Hh, Hh, Hh, Hh, Hh, Hh, Rrc, Hh, Hh, Hh, Hh, Hh, Wot, Hh, Hh, Hh, Hh, Rrc, Rrc, Hh, Hh
Gg, Gg, Gs^Fms, Gs^Fms, Gs^Fms, Gs^Fms, Gg, Gg, Gg, Rb^Gvs, Gg, Gg, Gg, Gg, Rrc, Gg, Rb^Gvs, Rb^Gvs, Rb^Gvs, Rb^Gvs, Rb^Gvs, Rb^Gvs, Rb^Gvs, Rb^Gvs, Rb^Gvs, Rb^Gvs, Gg, Gg, Gs^Fms, Gs^Fms, Gs^Fms, Gs^Fms, Gs^Fms, Gs^Fms, Gs^Fms, Gs^Fms, Hh, Hh, Gs^Fms, Gs^Fms, Gs^Fms, Hh, Hh, Hh, Wot, Hh, Hh, Hh, Hh, Hh, Hh, Hh, Gs^Fms, Gs^Fms, Gs^Fms, Gs^Fms, Hh, Hh, Hh, Hh, Hh, Hh, Hh, Hh, Hh, Hh, Wot, Hh, Wot, Wot, Wot, Wot^Bsb|, Wot, Hh, Wot, Hh, Wot, Hh, Hh, Hh, Hh, Hh, Hh, Hh, Hh, Hh, Hh, Hh, Hh, Hh, Hh, Rrc, Rrc, Hh, Hh, Hh, Hh, Hh, Rrc, Hh, Hh, Hh, Hh, Hh, Hh, Hh, Hh, Hh, Hh, Rrc, Hh, Hh, Hh
Gg, Gg, Gs^Fms, Gs^Fms, Gs^Fms, Gs^Fms, Gg, Gg, Gg, Gg, Gg, Gg, Gg, Gg, Rrc, Rb^Gvs, Rb^Gvs, Rb^Gvs, Rb^Gvs, Rb^Gvs, Rb^Gvs, Rb^Gvs, Rb^Gvs, Rb^Gvs, Gg, Gg, Gs^Fms, Gs^Fms, Gs^Fms, Gs^Fms, Gs^Fms, Gs^Fms, Gs^Fms, Gs^Fms, Gs^Fms, Gs^Fms, Rr^Vhc, Rr^Vhc, Gs^Fms, Gs^Fms, Gs^Fms, Hh, Hh, Hh, Wot, Hh, Hh, Hh, Hh, Hh, Hh, Hh, Hh, Gs^Fms, Gs^Fms, Gs^Fms, Hh, Hh, Hh, Hh, Hh, Hh, Hh, Hh, Hh, Hh, Wot, Wot, Hh, Hh, Hh, Rrc, Hh, Wot, Hh, Wot, Hh, Wot, Wot, Wot, Hh, Hh, Hh, Hh, Hh, Hh, Hh, Hh, Hh, Hh, Hh, Hh, Hh, Rrc, Hh, Hh, Rr^Vhc, Hh, Rr^Vhc, Hh, Hh, Hh, Hh, Hh, Hh, Hh, Hh, Hh, Hh, Rrc, Hh, Hh, Hh
Gg, Gs^Fms, Gs^Fms, Gs^Fms, Gs^Fms, Gs^Fms, Gg, Gg, Gg, Gg, Gg, Gg, Gg, Gg, Rrc, Gg, Gg, Rb^Gvs, Rb^Gvs, Rb^Gvs, Rb^Gvs, Rb^Gvs, Gg, Gg, Gg, Gg, Gs^Fms, Gs^Fms, Gs^Fms, Gs^Fms, Gs^Fms, Gs^Fms, Gs^Fms, Gs^Fms, Hh, Hh, Rr^Vhc, Rr^Vhc, Gs^Fms, Gs^Fms, Hh, Hh, Hh, Hh, Hh, Wot, Hh, Hh, Hh, Hh, Hh, Hh, Hh, Hh, Hh, Hh, Hh, Hh, Hh, Hh, Hh, Hh, Hh, Hh, Hh, Hh, Wot, Hh, Hh, Hh, Hh, Rrc, Hh, Hh, Hh, Hh, Hh, Hh, Hh, Wot, Hh, Hh, Hh, Hh, Hh, Hh, Hh, Hh, Hh, Hh, Hh, Hh, Hh, Rrc, Rrc, Rr^Vhc, Rr^Vhc, Rr^Vhc, Rr^Vhc, Hh, Rr^Vhc, Hh, Hh, Hh, Hh, Hh, Hh, Hh, Rrc, Rrc, Hh, Hh, Hh
Gg, Gs^Fms, Gs^Fms, Gs^Fms, Gs^Fms, Gg, Gg, Gg, Gg, Gg, Gg, Gg, Gg, Gg, Rrc, Gg, Gg, Gg, Gg, Rb^Gvs, Gg, Gg, Gg, Gg, Gg, Gs^Fms, Gs^Fms, Gs^Fms, Gs^Fms, Gs^Fms, Gs^Fms, Gs^Fms, Gs^Fms, Gs^Fms, Hh, Hh, Hh, Rr^Vhc, Gs^Fms, Gs^Fms, Hh, Hh, Hh, Hh, Hh, Wot, Wot, Hh, Hh, Hh, Hh, Hh, Hh, Hh, Hh, Hh, Hh, Hh, Hh, Hh, Hh, Hh, Hh, Hh, Hh, Wot, Wot, Hh, Hh, Hh, Hh, Rrc, Hh, Hh, Hh, Hh, Hh, Hh, Hh, Hh, Wot, Hh, Hh, Hh, Hh, Hh, Hh, Hh, Hh, Hh, Hh, Hh, Hh, Hh, Rrc, Rrc, Rr^Vhc, Rr^Vhc, Rr^Vhc, Rr^Vhc, Rr^Vhc, Hh, Rrc, Rrc, Rrc, Rrc, Rrc, Rrc, Hh, Hh, Hh, Hh, Hh